// Jest Snapshot v1, https://goo.gl/fbAQLP

exports[`Stage actions should bring an individual file into the stating area 1`] = `"STAGE_TRACK"`;
